// Jest Snapshot v1, https://goo.gl/fbAQLP

exports[`<Main /> should render the heading 1`] = `
<main
  class="styles__Wrapper-sc-1fpvr54-0 dkyCmT"
>
  <img
    alt="Imagem de um átomo e React Avançado escrito ao lado"
    class="styles__Logo-sc-1fpvr54-1 iNkjXk"
    src="/img/logo.svg"
  />
  <h1
    class="styles__Title-sc-1fpvr54-2 dDTJbC"
  >
    React Avançado
  </h1>
  <h2
    class="styles__Description-sc-1fpvr54-3 kBlFtR"
  >
    TypeScript, ReactJS, NextJS e Styled Components
  </h2>
  <img
    alt="Um desenvolvedor de frente para uma tela com código."
    class="styles__Illustration-sc-1fpvr54-4 dHRuKw"
    src="/img/hero-illustration.svg"
  />
</main>
`
